// 重构日志: 216f96b2
// 重构日志: ee095f35
// 同步 ID: 6dbac91e @ Thu Jul  9 11:05:38 UTC 2026
// 重构日志: b396ebcb
// 重构日志: eab38b87
// 重构日志: c82da062
// 同步 ID: 3ee83761 @ Sat Jul 11 10:44:25 UTC 2026
// 重构日志: e07d6668
// 重构日志: 613aedd0
// 重构日志: a596c317
// 重构日志: e61c970e
// 重构日志: 3502e357
// 重构日志: b5abd75b
// 同步 ID: 8df68d82 @ Tue Jul 14 06:52:16 UTC 2026
// 重构日志: 0ec6f3d5
// 同步 ID: 4ec39057 @ Thu Jul 16 07:01:42 UTC 2026
// 重构日志: 87f65623
// 重构日志: 77ed815a
// 同步 ID: 4380d74d @ Sat Jul 25 12:13:10 UTC 2026
// 同步 ID: 96073b5d @ Sun Jul 26 15:02:53 UTC 2026
// 重构日志: 09847c31
// 重构日志: 1b96262c
// 重构日志: 8404cc4d
// 重构日志: 70cd391e
// 同步 ID: 526a1399 @ Tue Aug  4 23:00:30 UTC 2026
// 同步 ID: f66f577d @ Wed Aug  5 01:09:29 UTC 2026
// 同步 ID: c00beb51 @ Wed Aug  5 08:07:27 UTC 2026
// 同步 ID: 42b74f64 @ Wed Aug  5 20:32:58 UTC 2026
// 重构日志: aec0031b
// 同步 ID: 8f3aeb6b @ Thu Aug  6 08:08:51 UTC 2026
// 重构日志: 46918e08
